2026-08-23 14:23:01 ERROR Connection timeout to db-primary
2026-08-23 14:23:04 INFO Request handled in 42ms
2026-08-23 14:24:11 WARN Retry attempt 2 of 3
2026-08-23 14:25:02 ERROR Connection timeout to db-primary
2026-08-23 14:25:40 ERROR Invalid token for user 8842
2026-08-23 14:23:01 ERROR Connection timeout to db-primary
2026-08-23 14:23:59 WARN Connection pool usage above 80%
2026-08-23 14:24:32 WARN Retry attempt 2 of 3
2026-08-23 14:25:33 INFO Metrics flushed successfully
2026-08-23 14:25:56 INFO Request handled in 42ms
2026-08-23 14:26:15 WARN Response time exceeded 500ms
2026-08-23 14:27:05 INFO Metrics flushed successfully
2026-08-23 14:27:35 INFO Metrics flushed successfully
2026-08-23 14:28:19 WARN Connection pool usage above 80%
2026-08-23 14:28:37 INFO Health check passed
2026-08-23 14:29:39 INFO Cache lookup completed in 12ms
2026-08-23 14:30:06 WARN Token expires in less than 5 minutes
2026-08-23 14:30:30 WARN Retry attempt 2 of 3
2026-08-23 14:31:10 INFO Worker thread started
2026-08-23 14:31:44 ERROR Invalid token for user 8842
2026-08-23 14:32:04 INFO Metrics flushed successfully
2026-08-23 14:32:29 INFO Background job completed successfully
2026-08-23 14:32:52 INFO Configuration reload completed
2026-08-23 14:33:49 INFO Database connection pool status healthy
2026-08-23 14:34:43 WARN Retry attempt 2 of 3
2026-08-23 14:35:03 INFO Cache lookup completed in 12ms
2026-08-23 14:35:26 ERROR Connection timeout to db-primary
2026-08-23 14:35:58 INFO Background job completed successfully
2026-08-23 14:36:33 INFO Database connection pool status healthy
2026-08-23 14:37:01 INFO User session refreshed
2026-08-23 14:38:01 WARN Retry attempt 2 of 3
2026-08-23 14:38:57 INFO Metrics flushed successfully
2026-08-23 14:40:01 WARN Background job delayed by 12s
2026-08-23 14:40:43 WARN Response time exceeded 500ms
2026-08-23 14:41:44 WARN Retry attempt 1 of 3
2026-08-23 14:42:16 INFO Database connection pool status healthy
2026-08-23 14:42:59 WARN Response time exceeded 500ms
2026-08-23 14:43:53 INFO Database connection pool status healthy
2026-08-23 14:44:24 INFO Background job completed successfully
2026-08-23 14:45:23 ERROR Disk write failed on /var/log/app
2026-08-23 14:46:10 WARN Retry attempt 3 of 3
2026-08-23 14:46:43 INFO Metrics flushed successfully
2026-08-23 14:47:17 INFO Background job completed successfully
2026-08-23 14:48:12 INFO User session refreshed
2026-08-23 14:48:38 INFO Request handled in 37ms
2026-08-23 14:49:44 WARN Retry attempt 2 of 3
2026-08-23 14:50:11 INFO Configuration reload completed
2026-08-23 14:50:56 INFO Background job completed successfully
2026-08-23 14:51:38 INFO API response status=200
2026-08-23 14:52:29 ERROR Connection timeout to db-primary
2026-08-23 14:53:03 INFO Request handled in 42ms
2026-08-23 14:54:04 INFO Configuration reload completed
2026-08-23 14:54:56 INFO Configuration reload completed
2026-08-23 14:55:35 WARN Cache miss rate is high
2026-08-23 14:56:03 INFO Cache lookup completed in 12ms
2026-08-23 14:56:53 INFO Metrics flushed successfully
2026-08-23 14:57:17 INFO Cache lookup completed in 12ms
2026-08-23 14:58:15 ERROR Upstream service unavailable: auth-service
2026-08-23 14:59:05 INFO Health check passed
2026-08-23 14:59:46 INFO Metrics flushed successfully
2026-08-23 15:00:53 INFO Request handled in 42ms
2026-08-23 15:01:49 WARN Retry attempt 1 of 3
2026-08-23 15:02:14 INFO Cache lookup completed in 12ms
2026-08-23 15:02:47 WARN Retry attempt 2 of 3
2026-08-23 15:03:10 INFO Request handled in 37ms
2026-08-23 15:04:16 INFO Health check passed
2026-08-23 15:04:42 INFO Metrics flushed successfully
2026-08-23 15:05:10 WARN Cache miss rate is high
2026-08-23 15:05:41 ERROR Connection timeout to db-primary
2026-08-23 15:06:33 INFO User session refreshed
2026-08-23 15:07:36 WARN Token expires in less than 5 minutes
2026-08-23 15:08:22 INFO API response status=200
2026-08-23 15:08:47 WARN Retry attempt 2 of 3
2026-08-23 15:09:26 WARN Response time exceeded 500ms
2026-08-23 15:10:21 WARN Retry attempt 2 of 3
2026-08-23 15:11:24 INFO User session refreshed
2026-08-23 15:11:46 INFO Database connection pool status healthy
2026-08-23 15:12:08 INFO Cache lookup completed in 12ms
2026-08-23 15:13:08 INFO Metrics flushed successfully
2026-08-23 15:13:34 INFO Worker thread started
2026-08-23 15:14:28 ERROR Invalid token for user 8842
2026-08-23 15:15:16 WARN Background job delayed by 12s
2026-08-23 15:16:00 WARN Retry attempt 2 of 3
2026-08-23 15:17:00 INFO Background job completed successfully
2026-08-23 15:17:44 INFO Request handled in 42ms
2026-08-23 15:18:45 INFO Configuration reload completed
2026-08-23 15:19:09 WARN Token expires in less than 5 minutes
2026-08-23 15:19:33 WARN Response time exceeded 500ms
2026-08-23 15:20:25 INFO Background job completed successfully
2026-08-23 15:20:54 WARN Response time exceeded 500ms
2026-08-23 15:21:16 ERROR Connection timeout to db-primary
2026-08-23 15:22:02 INFO Metrics flushed successfully
2026-08-23 15:22:26 WARN Retry attempt 1 of 3
2026-08-23 15:22:49 INFO User session refreshed
2026-08-23 15:23:17 INFO API response status=200
2026-08-23 15:23:48 INFO Request handled in 42ms
2026-08-23 15:24:16 INFO Background job completed successfully
2026-08-23 15:24:50 INFO API response status=200
2026-08-23 15:25:26 INFO Metrics flushed successfully
2026-08-23 15:26:26 INFO Health check passed
2026-08-23 15:26:56 WARN Retry attempt 1 of 3
2026-08-23 15:27:51 INFO Request handled in 42ms
2026-08-23 15:28:56 WARN Retry attempt 1 of 3
2026-08-23 15:29:51 ERROR Disk write failed on /var/log/app
2026-08-23 15:30:39 INFO Metrics flushed successfully
2026-08-23 15:31:07 WARN Retry attempt 2 of 3
2026-08-23 15:31:36 WARN Retry attempt 2 of 3
2026-08-23 15:32:37 INFO Background job completed successfully
2026-08-23 15:33:02 INFO Worker thread started
2026-08-23 15:33:35 INFO Request handled in 42ms
2026-08-23 15:34:32 WARN Token expires in less than 5 minutes
2026-08-23 15:35:06 WARN Token expires in less than 5 minutes
2026-08-23 15:35:39 WARN Retry attempt 3 of 3
2026-08-23 15:36:39 INFO API response status=200
2026-08-23 15:37:17 ERROR Connection timeout to db-primary
2026-08-23 15:38:23 INFO Request handled in 42ms
2026-08-23 15:39:10 INFO Worker thread started
2026/08/23 15:39:?? ERROR missing_timestamp_separator db-primary timeout
2026-08-23 15:39:34 WARN Response time exceeded 500ms
2026-08-23 15:40:24 WARN Token expires in less than 5 minutes
2026-08-23 15:40:46 INFO Database connection pool status healthy
2026-08-23 15:41:22 WARN Connection pool usage above 80%
2026-08-23 15:42:19 INFO Configuration reload completed
2026-08-23 15:43:10 WARN Connection pool usage above 80%
2026-08-23 15:44:10 WARN Retry attempt 3 of 3
2026-08-23 15:44:44 WARN Retry attempt 2 of 3
2026-08-23 15:45:49 ERROR Upstream service unavailable: auth-service
2026-08-23 15:46:42 WARN Connection pool usage above 80%
2026-08-23 15:47:38 WARN Token expires in less than 5 minutes
2026-08-23 15:48:09 INFO Cache lookup completed in 12ms
2026-08-23 15:48:59 INFO Request handled in 42ms
2026-08-23 15:49:22 INFO Cache lookup completed in 12ms
2026-08-23 15:49:42 WARN Retry attempt 3 of 3
2026-08-23 15:50:40 INFO Health check passed
2026-08-23 15:51:45 INFO Background job completed successfully
2026-08-23 15:52:38 WARN Retry attempt 2 of 3
2026-08-23 15:53:40 ERROR Connection timeout to db-primary
2026-08-23 15:54:07 INFO Database connection pool status healthy
2026-08-23 15:55:02 INFO Background job completed successfully
2026-08-23 15:55:28 WARN Token expires in less than 5 minutes
2026-08-23 15:56:36 INFO Request handled in 42ms
2026-08-23 15:57:16 WARN Response time exceeded 500ms
2026-08-23 15:58:16 WARN Cache miss rate is high
2026-08-23 15:59:13 INFO User session refreshed
2026-08-23 15:59:41 INFO Health check passed
2026-08-23 16:00:25 WARN Token expires in less than 5 minutes
2026-08-23 16:01:33 INFO Configuration reload completed
2026-08-23 16:02:38 INFO Cache lookup completed in 12ms
2026-08-23 16:03:06 INFO Request handled in 37ms
2026-08-23 16:03:48 INFO API response status=200
2026-08-23 16:04:20 ERROR Invalid token for user 8842
2026-08-23 16:04:50 INFO API response status=200
2026-08-23 16:05:30 WARN Response time exceeded 500ms
2026-08-23 16:06:02 WARN Response time exceeded 500ms
2026-08-23 16:06:45 WARN Retry attempt 2 of 3
2026-08-23 16:07:52 WARN Cache miss rate is high
2026-08-23 16:08:53 INFO Metrics flushed successfully
2026-08-23 16:09:32 INFO Request handled in 37ms
2026-08-23 16:10:06 WARN Connection pool usage above 80%
2026-08-23 16:10:26 ERROR Connection timeout to db-primary
2026-08-23 16:10:50 INFO Database connection pool status healthy
2026-08-23 16:11:54 INFO Background job completed successfully
2026-08-23 16:12:50 INFO Request handled in 37ms
2026-08-23 16:13:32 INFO User session refreshed
2026-08-23 16:14:06 WARN Cache miss rate is high
2026-08-23 16:14:24 INFO Metrics flushed successfully
2026-08-23 16:15:25 INFO Configuration reload completed
2026-08-23 16:15:55 INFO Request handled in 37ms
2026-08-23 16:16:55 INFO Worker thread started
2026-08-23 16:17:33 INFO Request handled in 37ms
2026-08-23 16:18:37 INFO Metrics flushed successfully
2026-08-23 16:19:14 INFO Database connection pool status healthy
2026-08-23 16:19:57 ERROR Upstream service unavailable: auth-service
2026-08-23 16:20:59 WARN Retry attempt 3 of 3
2026-08-23 16:21:29 INFO Background job completed successfully
2026-08-23 16:22:30 INFO Health check passed
2026-08-23 16:23:27 INFO Background job completed successfully
2026-08-23 16:24:20 INFO Cache lookup completed in 12ms
2026-08-23 16:24:56 WARN Token expires in less than 5 minutes
2026-08-23 16:25:43 INFO Configuration reload completed
2026-08-23 16:26:14 INFO Health check passed
2026-08-23 16:27:14 ERROR Connection timeout to db-primary
2026-08-23 16:27:37 WARN Token expires in less than 5 minutes
2026-08-23 16:28:00 INFO User session refreshed
2026-08-23 16:29:01 WARN Response time exceeded 500ms